// Jest Snapshot v1, https://goo.gl/fbAQLP

exports[`CLI test: mssql can connect through ssh 1`] = `
"table   rows bytes
table_1 2    32 kB
table_2 2    32 kB
table_3 0    0 B

(64 kB in 3 tables)
"
`;

exports[`CLI test: mssql can connect through ssh 2`] = `
"column     type         nullable default
id         int          false
field_1    int          true
field_2    nvarchar(50) true
created_at datetime2    true
updated_at datetime2    true

index                         algorithm    unique columns
PK__table_1__0000000000000000 CLUSTERED    true   id
table_1_field_1_index         NONCLUSTERED false  field_1
"
`;

exports[`CLI test: mssql can connect with an alias 1`] = `
"table   rows bytes
table_1 2    32 kB
table_2 2    32 kB
table_3 0    0 B

(64 kB in 3 tables)
"
`;

exports[`CLI test: mssql can diff tables 1`] = `
"column  type                        nullable     default
id      int → nvarchar(255)         false
field_1 int → decimal               true → false
field_2 nvarchar(50) → nvarchar(-1) true         [null] → default text

index                                        algorithm    unique columns
PK__table_1__0000000000000000 → table_2_pkey CLUSTERED    true   id
table_1_field_1_index                        NONCLUSTERED false  field_1
table_2_field_1_unique                       NONCLUSTERED true   field_1

Columns: 3x changed, 2x similar (hidden)
Indexes: 1x deleted, 1x created, 1x changed
Re-run with --all to show hidden rows
"
`;

exports[`CLI test: mssql can diff tables data 1`] = `
"Diff of tables content (rows 1 to 20):

id field_1    updated_at
1  12 → 12.3  [null] → 2020-07-24T18:34:00.000Z
2  30 → 30.45 2020-07-24T18:34:00.000Z → 2020-07-24T19:25:00.000Z

Rows: 2x changed
"
`;

exports[`CLI test: mssql can list tables 1`] = `
"table   rows bytes
table_1 2    32 kB
table_2 2    32 kB
table_3 0    0 B

(64 kB in 3 tables)
"
`;

exports[`CLI test: mssql can load dump to database 1`] = `
"column     type         nullable default
id         int          false
field_1    int          true
field_2    nvarchar(50) true
created_at datetime2    true
updated_at datetime2    true

index                         algorithm    unique columns
PK__table_1__0000000000000000 CLUSTERED    true   id
table_1_field_1_index         NONCLUSTERED false  field_1
"
`;

exports[`CLI test: mssql can load dump to database 2`] = `
"column     type          nullable default
id         nvarchar(255) false
field_1    decimal       false
field_2    nvarchar(-1)  true     default text
created_at datetime2     true
updated_at datetime2     true

index                  algorithm    unique columns
table_2_field_1_unique NONCLUSTERED true   field_1
table_2_pkey           CLUSTERED    true   id
"
`;

exports[`CLI test: mssql can load dump to database 3`] = `
"column     type          nullable default
field_1    bigint        false
field_2    nvarchar(255) false
created_at datetime2     true
updated_at datetime2     true

index        algorithm unique columns
table_3_pkey CLUSTERED true   field_1,field_2
"
`;

exports[`CLI test: mssql can see dumpfile contents 1`] = `
"table                      rows bytes
migrations_dump_mssql      3    4.1 kB
migrations_dump_mssql_lock 1    4.1 kB
table_1                    2    4.1 kB
table_2                    2    4.1 kB
table_3                    0    4.1 kB

(20.5 kB in 5 tables)
"
`;

exports[`CLI test: mssql can see dumpfile contents 2`] = `
"column     type        nullable default
id         integer     false
field_1    integer     true
field_2    varchar(50) true
created_at datetime    true
updated_at datetime    true

index                 algorithm unique columns
table_1_field_1_index unknown   false  field_1
"
`;

exports[`CLI test: mssql can show table 1`] = `
"column     type          nullable default
id         nvarchar(255) false
field_1    decimal       false
field_2    nvarchar(-1)  true     default text
created_at datetime2     true
updated_at datetime2     true

index                  algorithm    unique columns
table_2_field_1_unique NONCLUSTERED true   field_1
table_2_pkey           CLUSTERED    true   id
"
`;

exports[`CLI test: mssql database dump contents are valid 1`] = `
"module.exports.up = async (knex) => {
  await knex.schema.createTable(\\"table_1\\", (t) => {
    t.increments(\\"id\\");
    t.integer(\\"field_1\\");
    t.string(\\"field_2\\", 50);
    t.datetime(\\"created_at\\");
    t.datetime(\\"updated_at\\");
    t.index([\\"field_1\\"], \\"table_1_field_1_index\\");
  });
};
module.exports.down = async (knex) => {
  await knex.schema.dropTableIfExists(\\"table_1\\");
};
"
`;

exports[`CLI test: mssql database dump contents are valid 2`] = `
"module.exports.up = async (knex) => {
  await knex.schema.createTable(\\"table_2\\", (t) => {
    t.string(\\"id\\", 255).primary();
    t.decimal(\\"field_1\\").notNullable();
    t.text(\\"field_2\\", -1).defaultTo(\\"default text\\");
    t.datetime(\\"created_at\\");
    t.datetime(\\"updated_at\\");
    t.unique([\\"field_1\\"], \\"table_2_field_1_unique\\");
  });
};
module.exports.down = async (knex) => {
  await knex.schema.dropTableIfExists(\\"table_2\\");
};
"
`;

exports[`CLI test: mssql database dump contents are valid 3`] = `
"module.exports.up = async (knex) => {
  await knex.schema.createTable(\\"table_3\\", (t) => {
    t.bigInteger(\\"field_1\\").notNullable();
    t.string(\\"field_2\\", 255).notNullable();
    t.datetime(\\"created_at\\");
    t.datetime(\\"updated_at\\");
    t.primary([\\"field_1\\",\\"field_2\\"]);
  });
};
module.exports.down = async (knex) => {
  await knex.schema.dropTableIfExists(\\"table_3\\");
};
"
`;

exports[`CLI test: mssql database dump contents are valid 4`] = `
"{\\"id\\":1,\\"field_1\\":12,\\"field_2\\":\\"foo\\",\\"created_at\\":\\"2020-07-24T18:34:00.000Z\\"}
{\\"id\\":2,\\"field_1\\":30,\\"field_2\\":\\"bar\\",\\"created_at\\":\\"2020-07-24T18:34:00.000Z\\",\\"updated_at\\":\\"2020-07-24T18:34:00.000Z\\"}
"
`;

exports[`CLI test: mssql database dump contents are valid 5`] = `
"{\\"id\\":\\"1\\",\\"field_1\\":12.3,\\"field_2\\":\\"foo\\",\\"created_at\\":\\"2020-07-24T18:34:00.000Z\\",\\"updated_at\\":\\"2020-07-24T18:34:00.000Z\\"}
{\\"id\\":\\"2\\",\\"field_1\\":30.45,\\"field_2\\":\\"bar\\",\\"created_at\\":\\"2020-07-24T18:34:00.000Z\\",\\"updated_at\\":\\"2020-07-24T19:25:00.000Z\\"}
"
`;
